<?xml version="1.0" encoding="UTF-8" ?>
<testsuites name="vitest tests" tests="141" failures="0" errors="0" time="0.7520106">
    <testsuite name="test/cli.test.ts" timestamp="2026-08-21T23:53:15.859Z" hostname="Jane" tests="26" failures="0" errors="0" skipped="0" time="0.3235788">
        <testcase classname="test/cli.test.ts" name="cli &gt; resolveLocalBin &gt; Returns the local .bin path when it exists." time="0.0037223">
        </testcase>
        <testcase classname="test/cli.test.ts" name="cli &gt; resolveLocalBin &gt; Falls back to the bare name when no local .bin entry exists." time="0.0007412">
        </testcase>
        <testcase classname="test/cli.test.ts" name="cli &gt; isAvailable &gt; Returns true when the local .bin entry exists." time="0.0017091">
        </testcase>
        <testcase classname="test/cli.test.ts" name="cli &gt; isAvailable &gt; Returns false when the local .bin entry does not exist." time="0.0005871">
        </testcase>
        <testcase classname="test/cli.test.ts" name="cli &gt; findServerEntry &gt; Finds the first matching candidate in priority order." time="0.0018174">
        </testcase>
        <testcase classname="test/cli.test.ts" name="cli &gt; findServerEntry &gt; Throws when no candidate exists." time="0.0011925">
        </testcase>
        <testcase classname="test/cli.test.ts" name="cli &gt; spawnProcess &gt; Logs and exits when the underlying process fails to start." time="0.002129">
        </testcase>
        <testcase classname="test/cli.test.ts" name="cli &gt; runParallel &gt; Exits 0 once every child process exits successfully." time="0.000966">
        </testcase>
        <testcase classname="test/cli.test.ts" name="cli &gt; runParallel &gt; Shuts down remaining children and exits with the failing code when one exits non-zero." time="0.0017192">
        </testcase>
        <testcase classname="test/cli.test.ts" name="cli &gt; runParallel &gt; Does not re-kill a child that already exited when shutting down via SIGINT." time="0.0007214">
        </testcase>
        <testcase classname="test/cli.test.ts" name="cli &gt; runParallel &gt; Shuts down children on SIGTERM." time="0.0006144">
        </testcase>
        <testcase classname="test/cli.test.ts" name="cli &gt; runSequential &gt; Runs each step in order and resolves once all exit successfully." time="0.0552163">
        </testcase>
        <testcase classname="test/cli.test.ts" name="cli &gt; runSequential &gt; Rejects when a step exits with a non-zero code." time="0.0011205">
        </testcase>
        <testcase classname="test/cli.test.ts" name="cli &gt; run() - dev command &gt; Uses tsx --watch when nodemon is unavailable and an explicit entry is given." time="0.0011873">
        </testcase>
        <testcase classname="test/cli.test.ts" name="cli &gt; run() - dev command &gt; Uses nodemon when available." time="0.0023483">
        </testcase>
        <testcase classname="test/cli.test.ts" name="cli &gt; run() - dev command &gt; Rejects an unsafe server entry path and exits without spawning." time="0.0006865">
        </testcase>
        <testcase classname="test/cli.test.ts" name="cli &gt; run() - dev command &gt; Auto-detects the server entry when none is given." time="0.0015047">
        </testcase>
        <testcase classname="test/cli.test.ts" name="cli &gt; run() - dev command &gt; Throws when no server entry can be auto-detected." time="0.0006911">
        </testcase>
        <testcase classname="test/cli.test.ts" name="cli &gt; run() - build command &gt; Builds with only the server tsconfig when no client tsconfig exists." time="0.0565039">
        </testcase>
        <testcase classname="test/cli.test.ts" name="cli &gt; run() - build command &gt; Also builds the client tsconfig when tsconfig.client.json exists." time="0.1210636">
        </testcase>
        <testcase classname="test/cli.test.ts" name="cli &gt; run() - build command &gt; Rejects an unsafe tsconfig path and exits without spawning." time="0.0007884">
        </testcase>
        <testcase classname="test/cli.test.ts" name="cli &gt; run() - build command &gt; Logs and exits 1 when a build step fails." time="0.0607946">
        </testcase>
        <testcase classname="test/cli.test.ts" name="cli &gt; run() - unknown command &gt; Prints usage and exits 1 for an unrecognized command." time="0.0010467">
        </testcase>
        <testcase classname="test/cli.test.ts" name="cli &gt; run() - unknown command &gt; Prints usage and exits 1 when no command is given." time="0.0008372">
        </testcase>
        <testcase classname="test/cli.test.ts" name="cli &gt; main-module auto-run guard &gt; Automatically invokes run() when the module&apos;s own file is the process entry point." time="0.001278">
        </testcase>
        <testcase classname="test/cli.test.ts" name="cli &gt; main-module auto-run guard &gt; Does not auto-invoke run() when imported as a module (not the process entry point)." time="0.0010471">
        </testcase>
    </testsuite>
    <testsuite name="test/cli.validate.test.ts" timestamp="2026-08-21T23:53:15.864Z" hostname="Jane" tests="3" failures="0" errors="0" skipped="0" time="0.002371">
        <testcase classname="test/cli.validate.test.ts" name="cli isSafePathArg &gt; Accepts normal relative/absolute paths, including ones with spaces." time="0.0010807">
        </testcase>
        <testcase classname="test/cli.validate.test.ts" name="cli isSafePathArg &gt; Rejects shell metacharacters." time="0.000188">
        </testcase>
        <testcase classname="test/cli.validate.test.ts" name="cli isSafePathArg &gt; Rejects an empty string." time="0.0000747">
        </testcase>
    </testsuite>
    <testsuite name="test/client.test.ts" timestamp="2026-08-21T23:53:15.865Z" hostname="Jane" tests="9" failures="0" errors="0" skipped="0" time="0.0068805">
        <testcase classname="test/client.test.ts" name="client &gt; getHydrationProps &gt; Returns undefined when there is no document (server/non-DOM environment)." time="0.0013051">
        </testcase>
        <testcase classname="test/client.test.ts" name="client &gt; getHydrationProps &gt; Returns undefined when the props element is not found in the DOM." time="0.0010891">
        </testcase>
        <testcase classname="test/client.test.ts" name="client &gt; getHydrationProps &gt; Parses and returns the serialized props when found." time="0.0002582">
        </testcase>
        <testcase classname="test/client.test.ts" name="client &gt; getHydrationProps &gt; Uses the given propsId to look up the element." time="0.0001996">
        </testcase>
        <testcase classname="test/client.test.ts" name="client &gt; getHydrationProps &gt; Returns undefined when the serialized content is not valid JSON." time="0.0001303">
        </testcase>
        <testcase classname="test/client.test.ts" name="client &gt; hydrateRoute &gt; Does nothing when there is no document (server/non-DOM environment)." time="0.0002004">
        </testcase>
        <testcase classname="test/client.test.ts" name="client &gt; hydrateRoute &gt; Logs an error and does not hydrate when the root element is missing." time="0.001175">
        </testcase>
        <testcase classname="test/client.test.ts" name="client &gt; hydrateRoute &gt; Hydrates the root with the component and serialized props when found." time="0.0009991">
        </testcase>
        <testcase classname="test/client.test.ts" name="client &gt; hydrateRoute &gt; Uses the given rootId and propsId." time="0.0002609">
        </testcase>
    </testsuite>
    <testsuite name="test/ReactDecorators.test.ts" timestamp="2026-08-21T23:53:15.866Z" hostname="Jane" tests="3" failures="0" errors="0" skipped="0" time="0.0030973">
        <testcase classname="test/ReactDecorators.test.ts" name="ReactService &gt; Records a single string path as metadata." time="0.0017731">
        </testcase>
        <testcase classname="test/ReactDecorators.test.ts" name="ReactService &gt; Records an array of paths as metadata." time="0.0001438">
        </testcase>
        <testcase classname="test/ReactDecorators.test.ts" name="ReactService &gt; Concatenates paths across repeated applications on the same target." time="0.0001099">
        </testcase>
    </testsuite>
    <testsuite name="test/ReactRoute.more.test.ts" timestamp="2026-08-21T23:53:15.866Z" hostname="Jane" tests="39" failures="0" errors="0" skipped="0" time="0.1285661">
        <testcase classname="test/ReactRoute.more.test.ts" name="ReactRoute.init Tests &gt; Loads the Vite manifest once in production when manifestPath is configured." time="0.0030441">
        </testcase>
        <testcase classname="test/ReactRoute.more.test.ts" name="ReactRoute.init Tests &gt; Logs a warning and leaves the manifest unset when the manifest file is invalid JSON." time="0.0028162">
        </testcase>
        <testcase classname="test/ReactRoute.more.test.ts" name="ReactRoute.init Tests &gt; Watches the manifest file for changes in dev mode and debounces the reload notification." time="0.0030247">
        </testcase>
        <testcase classname="test/ReactRoute.more.test.ts" name="ReactRoute.init Tests &gt; Does not throw when fs.watch fails synchronously (e.g. manifest path does not exist)." time="0.0008277">
        </testcase>
        <testcase classname="test/ReactRoute.more.test.ts" name="ReactRoute.init Tests &gt; Skips registering a react service for a factory-tracked entry that has no prototype." time="0.0002969">
        </testcase>
        <testcase classname="test/ReactRoute.more.test.ts" name="ReactRoute.init Tests &gt; Does not map a react service path when newInstance resolves no instance." time="0.0005122">
        </testcase>
        <testcase classname="test/ReactRoute.more.test.ts" name="ReactRoute.init Tests &gt; Maps a react service under its raw path when that path does not start with the route prefix." time="0.000347">
        </testcase>
        <testcase classname="test/ReactRoute.more.test.ts" name="ReactRoute.init Tests &gt; Maps a react service to pageSegment &apos;/&apos; when its path is exactly the route prefix." time="0.0003079">
        </testcase>
        <testcase classname="test/ReactRoute.more.test.ts" name="ReactRoute.hashRequest cache eviction &gt; Clears the shared hash cache once it grows past 10000 entries and keeps working." time="0.0271918">
        </testcase>
        <testcase classname="test/ReactRoute.more.test.ts" name="ReactRoute.fetchProps default &gt; Returns an empty object when not overridden by a subclass." time="0.0002234">
        </testcase>
        <testcase classname="test/ReactRoute.more.test.ts" name="ReactRoute.resolveAppFile edge cases &gt; Falls back to an empty main-entry path when process.argv[1] is unset." time="0.0002868">
        </testcase>
        <testcase classname="test/ReactRoute.more.test.ts" name="ReactRoute.resolveAppFile edge cases &gt; Caches a resolved path in production so a later on-disk change doesn&apos;t affect the cached lookup." time="0.0019214">
        </testcase>
        <testcase classname="test/ReactRoute.more.test.ts" name="ReactRoute.get dev-reload SSE endpoint &gt; Streams the SSE handshake for a new connection." time="0.000417">
        </testcase>
        <testcase classname="test/ReactRoute.more.test.ts" name="ReactRoute.get dev-reload SSE endpoint &gt; Decrements the connection count and detaches the reload listener on abort." time="0.0002249">
        </testcase>
        <testcase classname="test/ReactRoute.more.test.ts" name="ReactRoute.get dev-reload SSE endpoint &gt; Responds 503 and does not open a stream once at the max connection count." time="0.0002723">
        </testcase>
        <testcase classname="test/ReactRoute.more.test.ts" name="ReactRoute.get dev-reload SSE endpoint &gt; Declines the connection with 501 instead of leaking when the response has no onAbort." time="0.000307">
        </testcase>
        <testcase classname="test/ReactRoute.more.test.ts" name="ReactRoute.get production cache &gt; Returns the cached response body directly on a cache hit, without rendering." time="0.0003737">
        </testcase>
        <testcase classname="test/ReactRoute.more.test.ts" name="ReactRoute.get production cache &gt; Renders and writes through to the cache on a cache miss." time="0.0052813">
        </testcase>
        <testcase classname="test/ReactRoute.more.test.ts" name="ReactRoute.get production cache &gt; Falls through to rendering (rather than throwing) when the cache read fails." time="0.004448">
        </testcase>
        <testcase classname="test/ReactRoute.more.test.ts" name="ReactRoute.get production cache &gt; Does not crash the request when the cache write fails." time="0.0142656">
        </testcase>
        <testcase classname="test/ReactRoute.more.test.ts" name="ReactRoute.get production cache &gt; Coalesces concurrent requests for the same cache key into a single render and cache write." time="0.0019524">
        </testcase>
        <testcase classname="test/ReactRoute.more.test.ts" name="ReactRoute.get pageSegment/props edge cases &gt; Resolves the pageSegment to &apos;/&apos; when the request path exactly equals the route prefix." time="0.001383">
        </testcase>
        <testcase classname="test/ReactRoute.more.test.ts" name="ReactRoute.get pageSegment/props edge cases &gt; Falls back to an empty routeProps object when fetchProps resolves undefined." time="0.0013492">
        </testcase>
        <testcase classname="test/ReactRoute.more.test.ts" name="ReactRoute.get pageSegment/props edge cases &gt; Spreads the picked user fields into props when userFields is configured and req.user is present." time="0.0030294">
        </testcase>
        <testcase classname="test/ReactRoute.more.test.ts" name="ReactRoute.get pageSegment/props edge cases &gt; Does not inject the dev-reload script when isDevMode() is false." time="0.0013878">
        </testcase>
        <testcase classname="test/ReactRoute.more.test.ts" name="ReactRoute.get 500 fallback pages &gt; Falls back to the hard-coded 500 page when no _500.tsx exists." time="0.0042659">
        </testcase>
        <testcase classname="test/ReactRoute.more.test.ts" name="ReactRoute.get 500 fallback pages &gt; Falls back to the hard-coded 500 page when importing _500.tsx itself throws." time="0.0094713">
        </testcase>
        <testcase classname="test/ReactRoute.more.test.ts" name="ReactRoute.get 500 fallback pages &gt; Renders the _500 page unwrapped when there is no _layout.tsx." time="0.0101405">
        </testcase>
        <testcase classname="test/ReactRoute.more.test.ts" name="ReactRoute.injectDevReloadScript Tests &gt; Injects before &lt;/body&gt; when present." time="0.0001708">
        </testcase>
        <testcase classname="test/ReactRoute.more.test.ts" name="ReactRoute.injectDevReloadScript Tests &gt; Injects before &lt;/html&gt; when there is no &lt;/body&gt;." time="0.0001035">
        </testcase>
        <testcase classname="test/ReactRoute.more.test.ts" name="ReactRoute.injectDevReloadScript Tests &gt; Appends the script when there is neither &lt;/body&gt; nor &lt;/html&gt;." time="0.00008">
        </testcase>
        <testcase classname="test/ReactRoute.more.test.ts" name="ReactRoute.resolveManifest Tests &gt; Returns null in dev mode when manifestPath is not configured." time="0.0001632">
        </testcase>
        <testcase classname="test/ReactRoute.more.test.ts" name="ReactRoute.resolveManifest Tests &gt; Reads and parses the manifest from disk on every call in dev mode." time="0.001253">
        </testcase>
        <testcase classname="test/ReactRoute.more.test.ts" name="ReactRoute.resolveManifest Tests &gt; Returns null in dev mode when the manifest file cannot be read or parsed." time="0.0002374">
        </testcase>
        <testcase classname="test/ReactRoute.more.test.ts" name="ReactRoute.injectHydrationAssets Tests &gt; Serializes null in place of undefined/null props." time="0.0013018">
        </testcase>
        <testcase classname="test/ReactRoute.more.test.ts" name="ReactRoute.get hydration Tests &gt; Injects the hydration root, serialized props, css links, and bundle script." time="0.0028007">
        </testcase>
        <testcase classname="test/ReactRoute.more.test.ts" name="ReactRoute.get hydration Tests &gt; Falls back to the 500 page when hydrate=true but no manifest is configured." time="0.0021731">
        </testcase>
        <testcase classname="test/ReactRoute.more.test.ts" name="ReactRoute.get hydration Tests &gt; Appends the hydration payload before &lt;/html&gt; when the page has no &lt;/body&gt;." time="0.005125">
        </testcase>
        <testcase classname="test/ReactRoute.more.test.ts" name="ReactRoute.get hydration Tests &gt; Appends the hydration payload at the end when the page has neither &lt;/body&gt; nor &lt;/html&gt;." time="0.0057894">
        </testcase>
    </testsuite>
    <testsuite name="test/ReactRoute.test.ts" timestamp="2026-08-21T23:53:15.870Z" hostname="Jane" tests="45" failures="0" errors="0" skipped="0" time="0.1768334">
        <testcase classname="test/ReactRoute.test.ts" name="ReactRoute Tests &gt; Can serve the home page from app/index.tsx." time="0.031114">
            <system-out>
[AppRouter.emit] 2026-08-21T23:53:13.586Z [34mdebug[39m: [ReactRoute] Rendering &quot;/&quot;

            </system-out>
        </testcase>
        <testcase classname="test/ReactRoute.test.ts" name="ReactRoute Tests &gt; Serves the home page from the bare /app path (no trailing slash) via getIndex()." time="0.0037111">
            <system-out>
[AppRouter.emit] 2026-08-21T23:53:13.605Z [34mdebug[39m: [ReactRoute] Rendering &quot;/&quot;

            </system-out>
        </testcase>
        <testcase classname="test/ReactRoute.test.ts" name="ReactRoute Tests &gt; Wraps pages in _layout.tsx." time="0.0028794">
            <system-out>
[AppRouter.emit] 2026-08-21T23:53:13.608Z [34mdebug[39m: [ReactRoute] Rendering &quot;/&quot;

            </system-out>
        </testcase>
        <testcase classname="test/ReactRoute.test.ts" name="ReactRoute Tests &gt; Calls fetchProps and passes data to the page component." time="0.0065362">
            <system-out>
[AppRouter.emit] 2026-08-21T23:53:13.611Z [34mdebug[39m: [ReactRoute] Rendering &quot;/pets&quot;

            </system-out>
        </testcase>
        <testcase classname="test/ReactRoute.test.ts" name="ReactRoute Tests &gt; Supports index convention — /auth/login resolves to app/auth/login/index.tsx." time="0.0067508">
            <system-out>
[AppRouter.emit] 2026-08-21T23:53:13.618Z [34mdebug[39m: [ReactRoute] Rendering &quot;/auth/login&quot;

            </system-out>
        </testcase>
        <testcase classname="test/ReactRoute.test.ts" name="ReactRoute Tests &gt; Returns 404 status and renders _404.tsx for missing paths." time="0.0097327">
            <system-out>
[AppRouter.emit] 2026-08-21T23:53:13.624Z [34mdebug[39m: [ReactRoute] Rendering &quot;/does-not-exist&quot;

            </system-out>
        </testcase>
        <testcase classname="test/ReactRoute.test.ts" name="ReactRoute Tests &gt; Injects dev live-reload script in non-production mode." time="0.0035008">
            <system-out>
[AppRouter.emit] 2026-08-21T23:53:13.634Z [34mdebug[39m: [ReactRoute] Rendering &quot;/&quot;

            </system-out>
        </testcase>
        <testcase classname="test/ReactRoute.test.ts" name="ReactRoute Tests &gt; DI fetchProps override provides service data to the page component." time="0.0068103">
            <system-out>
[AppRouter.emit] 2026-08-21T23:53:13.638Z [34mdebug[39m: [ReactRoute] Rendering &quot;/di-pets&quot;

            </system-out>
        </testcase>
        <testcase classname="test/ReactRoute.test.ts" name="ReactRoute Tests &gt; Returns 404 for a path traversal attempt via the HTTP layer and never leaks file contents." time="0.003628">
            <system-out>
[DerivedLogger.emit] 2026-08-21T23:53:13.644Z [34mdebug[39m: undefined

            </system-out>
        </testcase>
        <testcase classname="test/ReactRoute.test.ts" name="ReactRoute Tests &gt; Renders the full error message on a 500 outside of production." time="0.0113033">
            <system-out>
[AppRouter.emit] 2026-08-21T23:53:13.648Z [34mdebug[39m: [ReactRoute] Rendering &quot;/_throws&quot;

[AppRouter.emit] 2026-08-21T23:53:13.653Z [31merror[39m: [ReactRoute] SSR error for &quot;/app/_throws&quot;: db connection failed at /secret/internal/path

            </system-out>
        </testcase>
        <testcase classname="test/ReactRoute.test.ts" name="ReactRoute Tests &gt; Redacts the error message on a 500 in production." time="0.0045084">
            <system-out>
[AppRouter.emit] 2026-08-21T23:53:13.660Z [34mdebug[39m: [ReactRoute] Rendering &quot;/_throws&quot;

[AppRouter.emit] 2026-08-21T23:53:13.661Z [31merror[39m: [ReactRoute] SSR error for &quot;/app/_throws&quot;: db connection failed at /secret/internal/path

            </system-out>
        </testcase>
        <testcase classname="test/ReactRoute.test.ts" name="ReactRoute Tests &gt; Does not expose the dev-reload script or SSE endpoint when NODE_ENV is misconfigured." time="0.0044371">
            <system-out>
[AppRouter.emit] 2026-08-21T23:53:13.664Z [34mdebug[39m: [ReactRoute] Rendering &quot;/&quot;

[AppRouter.emit] 2026-08-21T23:53:13.666Z [34mdebug[39m: [ReactRoute] Rendering &quot;/__rapidrest__/reload&quot;

            </system-out>
        </testcase>
        <testcase classname="test/ReactRoute.test.ts" name="ReactRoute.resolveAppFile Tests &gt; Resolves a page file that exists within the app directory." time="0.0047258">
        </testcase>
        <testcase classname="test/ReactRoute.test.ts" name="ReactRoute.resolveAppFile Tests &gt; Resolves a nested page file using the index convention." time="0.000316">
        </testcase>
        <testcase classname="test/ReactRoute.test.ts" name="ReactRoute.resolveAppFile Tests &gt; Returns null for a segment with no matching file." time="0.0004226">
        </testcase>
        <testcase classname="test/ReactRoute.test.ts" name="ReactRoute.resolveAppFile Tests &gt; Returns null for a path traversal attempt that escapes the app directory." time="0.0000963">
        </testcase>
        <testcase classname="test/ReactRoute.test.ts" name="ReactRoute.resolveAppFile Tests &gt; Returns null for a deep path traversal attempt reaching outside the project." time="0.0000729">
        </testcase>
        <testcase classname="test/ReactRoute.test.ts" name="ReactRoute.resolveAppFile Tests &gt; Returns null for a traversal attempt that only partially matches the app dir prefix." time="0.0000675">
        </testcase>
        <testcase classname="test/ReactRoute.test.ts" name="ReactRoute.resolveAppFile Tests &gt; Still resolves segments that legitimately stay within the app directory after normalization." time="0.0001386">
        </testcase>
        <testcase classname="test/ReactRoute.test.ts" name="ReactRoute.resolveClientUrls Tests &gt; Resolves an entry via a direct top-level key match." time="0.0003295">
        </testcase>
        <testcase classname="test/ReactRoute.test.ts" name="ReactRoute.resolveClientUrls Tests &gt; Falls back to matching a manifest entry&apos;s `name` field when the top-level key is prefixed (e.g. Vite&apos;s virtual hydration-module key for createViteConfig() entries)." time="0.0001867">
        </testcase>
        <testcase classname="test/ReactRoute.test.ts" name="ReactRoute.resolveClientUrls Tests &gt; Includes css asset paths from the manifest entry when present." time="0.0005679">
        </testcase>
        <testcase classname="test/ReactRoute.test.ts" name="ReactRoute.resolveClientUrls Tests &gt; Throws when neither the direct key nor any entry&apos;s `name` field matches." time="0.0006405">
        </testcase>
        <testcase classname="test/ReactRoute.test.ts" name="ReactRoute.tryServeAsset Tests &gt; Returns false without touching the filesystem when manifestPath is unconfigured." time="0.0001569">
        </testcase>
        <testcase classname="test/ReactRoute.test.ts" name="ReactRoute.tryServeAsset Tests &gt; Serves a file that exists under the derived outDir (manifestPath&apos;s grandparent dir)." time="0.0007878">
        </testcase>
        <testcase classname="test/ReactRoute.test.ts" name="ReactRoute.tryServeAsset Tests &gt; Returns false for a file that does not exist under outDir." time="0.0001872">
        </testcase>
        <testcase classname="test/ReactRoute.test.ts" name="ReactRoute.tryServeAsset Tests &gt; Returns false for a directory (not a file)." time="0.0002132">
        </testcase>
        <testcase classname="test/ReactRoute.test.ts" name="ReactRoute.tryServeAsset Tests &gt; Returns false for an extension not on the allow-list, even though the file exists." time="0.0001805">
        </testcase>
        <testcase classname="test/ReactRoute.test.ts" name="ReactRoute.tryServeAsset Tests &gt; Returns false for a path traversal attempt that escapes outDir." time="0.000098">
        </testcase>
        <testcase classname="test/ReactRoute.test.ts" name="ReactRoute.tryServeAsset Tests &gt; get() short-circuits to the asset response, bypassing page resolution entirely." time="0.0003568">
        </testcase>
        <testcase classname="test/ReactRoute.test.ts" name="ReactRoute hydration + _404 interaction &gt; Hydrates a genuinely-matched page (200) when its manifest entry is present." time="0.002152">
        </testcase>
        <testcase classname="test/ReactRoute.test.ts" name="ReactRoute hydration + _404 interaction &gt; Renders _404 without attempting hydration, even though _404 has no manifest entry." time="0.0016568">
        </testcase>
        <testcase classname="test/ReactRoute.test.ts" name="ReactRoute.hashRequest Tests &gt; Produces different hashes for requests differing only in query." time="0.0002353">
        </testcase>
        <testcase classname="test/ReactRoute.test.ts" name="ReactRoute.hashRequest Tests &gt; Produces the same hash regardless of query key order." time="0.0001074">
        </testcase>
        <testcase classname="test/ReactRoute.test.ts" name="ReactRoute.hashRequest Tests &gt; Does not throw when query is undefined and matches an empty query." time="0.0000925">
        </testcase>
        <testcase classname="test/ReactRoute.test.ts" name="ReactRoute.escapeForInlineScript Tests &gt; Removes every &apos;&lt;&apos; character, subsuming the exact literal &apos;&lt;/script&gt;&apos; case." time="0.0000843">
        </testcase>
        <testcase classname="test/ReactRoute.test.ts" name="ReactRoute.escapeForInlineScript Tests &gt; Blocks the whitespace-variant &lt;/script&gt; bypass that a literal-match regex misses." time="0.0000635">
        </testcase>
        <testcase classname="test/ReactRoute.test.ts" name="ReactRoute.escapeForInlineScript Tests &gt; Round-trips through JSON.parse without data loss." time="0.0001086">
        </testcase>
        <testcase classname="test/ReactRoute.test.ts" name="ReactRoute.pickUserFields Tests &gt; Returns undefined by default (no userFields configured) even when a user is present." time="0.0000843">
        </testcase>
        <testcase classname="test/ReactRoute.test.ts" name="ReactRoute.pickUserFields Tests &gt; Returns only the allow-listed fields when userFields is configured." time="0.0001224">
        </testcase>
        <testcase classname="test/ReactRoute.test.ts" name="ReactRoute.pickUserFields Tests &gt; Silently skips an allow-listed field that is not present on the user object." time="0.0001315">
        </testcase>
        <testcase classname="test/ReactRoute.test.ts" name="ReactRoute.pickUserFields Tests &gt; Returns undefined when there is no user, regardless of userFields." time="0.0001075">
        </testcase>
        <testcase classname="test/ReactRoute.test.ts" name="ReactRoute.isDevMode Tests &gt; Is false for an unset or non-standard NODE_ENV (fail closed)." time="0.0003">
        </testcase>
        <testcase classname="test/ReactRoute.test.ts" name="ReactRoute.isDevMode Tests &gt; Is true for &apos;development&apos; and &apos;test&apos;." time="0.0001381">
        </testcase>
        <testcase classname="test/ReactRoute.test.ts" name="ReactRoute.isDevMode Tests &gt; Is true when VITEST is set, regardless of NODE_ENV." time="0.0001093">
        </testcase>
    </testsuite>
    <testsuite name="test/vite.test.ts" timestamp="2026-08-21T23:53:15.876Z" hostname="Jane" tests="16" failures="0" errors="0" skipped="0" time="0.1106835">
        <testcase classname="test/vite.test.ts" name="createViteConfig &gt; Defaults appDir to &apos;app&apos;, outDir to &apos;dist/public&apos;, and includes no user plugins." time="0.1037657">
        </testcase>
        <testcase classname="test/vite.test.ts" name="createViteConfig &gt; Appends user-supplied plugins after the built-in ones." time="0.0003145">
        </testcase>
        <testcase classname="test/vite.test.ts" name="createViteConfig &gt; Honors a custom outDir." time="0.0001647">
        </testcase>
        <testcase classname="test/vite.test.ts" name="rapidrest-hydration plugin &gt; options() — page discovery &gt; Returns null when appDir does not exist." time="0.0003043">
        </testcase>
        <testcase classname="test/vite.test.ts" name="rapidrest-hydration plugin &gt; options() — page discovery &gt; Returns null when appDir exists but has no matching entries." time="0.000352">
        </testcase>
        <testcase classname="test/vite.test.ts" name="rapidrest-hydration plugin &gt; options() — page discovery &gt; Discovers top-level .tsx files, excludes underscore-prefixed files/dirs, includes subdirectory index.tsx one level deep, and excludes subdirectories without an index.tsx." time="0.0013358">
        </testcase>
        <testcase classname="test/vite.test.ts" name="rapidrest-hydration plugin &gt; options() — page discovery &gt; Discovers index.tsx at arbitrary nesting depth (regression: previously only 1 level deep was scanned, so e.g. auth/login/index.tsx was silently skipped), while still excluding non-index files and underscore-prefixed directories at any depth." time="0.0006019">
        </testcase>
        <testcase classname="test/vite.test.ts" name="rapidrest-hydration plugin &gt; options() — page discovery &gt; Merges with an existing string rollup input." time="0.0003462">
        </testcase>
        <testcase classname="test/vite.test.ts" name="rapidrest-hydration plugin &gt; options() — page discovery &gt; Merges with an existing array rollup input." time="0.0003586">
        </testcase>
        <testcase classname="test/vite.test.ts" name="rapidrest-hydration plugin &gt; options() — page discovery &gt; Merges with an existing object rollup input." time="0.00029">
        </testcase>
        <testcase classname="test/vite.test.ts" name="rapidrest-hydration plugin &gt; options() — page discovery &gt; Defaults to an empty existing input when opts.input is unset." time="0.0003072">
        </testcase>
        <testcase classname="test/vite.test.ts" name="rapidrest-hydration plugin &gt; options() — page discovery &gt; Preserves other rollup options alongside the merged input." time="0.0002777">
        </testcase>
        <testcase classname="test/vite.test.ts" name="rapidrest-hydration plugin &gt; resolveId() &gt; Resolves a virtual entry id." time="0.0003098">
        </testcase>
        <testcase classname="test/vite.test.ts" name="rapidrest-hydration plugin &gt; resolveId() &gt; Ignores a non-virtual id." time="0.0001222">
        </testcase>
        <testcase classname="test/vite.test.ts" name="rapidrest-hydration plugin &gt; load() &gt; Generates a hydration entry module for a virtual id." time="0.0004038">
        </testcase>
        <testcase classname="test/vite.test.ts" name="rapidrest-hydration plugin &gt; load() &gt; Ignores a non-virtual id." time="0.0001012">
        </testcase>
    </testsuite>
</testsuites>
